[marivivix-makeup.local/index.html]
[backblue.gif]
[fade.gif]
[index.html]
[marivivix-makeup.local/wp-content/plugins/elementor/assets/lib/eicons/css/elementor-icons.min0fd8.css]
[marivivix-makeup.local/wp-content/plugins/elementor/assets/css/frontend.min52dd.css]
[marivivix-makeup.local/feed/index.html]
[marivivix-makeup.local/wp-content/plugins/elementor/assets/lib/swiper/v8/css/swiper.min94a4.css]
[marivivix-makeup.local/comments/feed/index.html]
[marivivix-makeup.local/wp-content/plugins/elementor/assets/css/conditionals/e-swiper.min52dd.css]
[marivivix-makeup.local/wp-content/uploads/elementor/css/post-692a1.css]
[marivivix-makeup.local/wp-content/plugins/elementor-pro/assets/css/frontend.min1ac1.css]
[marivivix-makeup.local/wp-content/uploads/elementor/css/globale87f.css]
[marivivix-makeup.local/wp-content/plugins/elementor/assets/css/widget-heading.min52dd.css]
[marivivix-makeup.local/wp-content/plugins/elementor/assets/css/widget-image.min52dd.css]
[marivivix-makeup.local/wp-content/plugins/elementor/assets/lib/animations/styles/fadeIn.min52dd.css]
[marivivix-makeup.local/wp-content/plugins/elementor/assets/css/widget-accordion.min52dd.css]
[marivivix-makeup.local/wp-content/uploads/elementor/css/post-87376.css]
[marivivix-makeup.local/wp-content/plugins/elementor/assets/lib/font-awesome/css/fontawesome.min52d5.css]
[marivivix-makeup.local/wp-content/plugins/elementor/assets/lib/font-awesome/css/solid.min52d5.css]
[marivivix-makeup.local/wp-json/index.html]
[marivivix-makeup.local/wp-json/wp/v2/pages/8.json]
[marivivix-makeup.local/xmlrpc0db0.php]
[marivivix-makeup.local/wp-json/oembed/1.0/embedda92.json]
[marivivix-makeup.local/wp-json/oembed/1.0/embedc72f]
[marivivix-makeup.local/wp-content/themes/twentytwentyfour/assets/fonts/inter/Inter-VariableFont_slnt,wght.woff2]
[marivivix-makeup.local/wp-content/themes/twentytwentyfour/assets/fonts/cardo/cardo_normal_400.woff2]
[marivivix-makeup.local/wp-content/themes/twentytwentyfour/assets/fonts/cardo/cardo_italic_400.woff2]
[marivivix-makeup.local/wp-content/uploads/elementor/thumbs/Untitled-2-qvr11ukd5nni7lrfahd968ssdwgnovr9sc48byq9m4.jpg]
[marivivix-makeup.local/wp-content/plugins/elementor-pro/assets/js/webpack-pro.runtime.min1ac1.js]
[marivivix-makeup.local/wp-content/plugins/elementor/assets/js/webpack.runtime.min52dd.js]
[marivivix-makeup.local/wp-includes/js/jquery/jquery.minf43b.js]
[marivivix-makeup.local/wp-includes/js/jquery/jquery-migrate.min5589.js]
[marivivix-makeup.local/wp-content/plugins/elementor/assets/js/frontend-modules.min52dd.js]
[marivivix-makeup.local/wp-includes/js/dist/hooks.min2757.js]
[marivivix-makeup.local/wp-includes/js/dist/i18n.minc33c.js]
[marivivix-makeup.local/wp-content/plugins/elementor-pro/assets/js/frontend.min1ac1.js]
[marivivix-makeup.local/wp-includes/js/jquery/ui/core.minb37e.js]
[marivivix-makeup.local/wp-content/plugins/elementor/assets/js/frontend.min52dd.js]
[marivivix-makeup.local/wp-content/plugins/elementor-pro/assets/js/preloaded-elements-handlers.min1ac1.js]
[marivivix-makeup.local/index.html]
[marivivix-makeup.local/wp-content/plugins/elementor/assets/lib/eicons/fonts/eicons9d5b.woff2]
[marivivix-makeup.local/wp-content/plugins/elementor/assets/lib/eicons/fonts/eicons9d5b.woff]
[marivivix-makeup.local/wp-content/plugins/elementor/assets/lib/eicons/fonts/eicons9d5b.ttf]
[marivivix-makeup.local/wp-content/plugins/elementor/assets/lib/eicons/fonts/eicons9d5b.eot]
[marivivix-makeup.local/wp-content/plugins/elementor/assets/lib/eicons/fonts/eicons9d5b.svg]
[marivivix-makeup.local/wp-content/plugins/elementor/assets/lib/eicons/css/elementor-icons.min0fd8.css]
[marivivix-makeup.local/wp-content/plugins/elementor/assets/css/frontend.min52dd.css]
[marivivix-makeup.local/wp-content/plugins/elementor/assets/lib/swiper/v8/css/swiper.min94a4.css]
[marivivix-makeup.local/wp-content/plugins/elementor/assets/css/conditionals/e-swiper.min52dd.css]
[marivivix-makeup.local/wp-content/uploads/elementor/css/post-692a1.css]
[marivivix-makeup.local/wp-content/plugins/elementor-pro/assets/css/frontend.min1ac1.css]
[marivivix-makeup.local/wp-content/uploads/elementor/css/globale87f.css]
[marivivix-makeup.local/wp-content/plugins/elementor/assets/css/widget-heading.min52dd.css]
[marivivix-makeup.local/wp-content/plugins/elementor/assets/css/widget-image.min52dd.css]
[marivivix-makeup.local/wp-content/plugins/elementor/assets/lib/animations/styles/fadeIn.min52dd.css]
[marivivix-makeup.local/wp-content/plugins/elementor/assets/css/widget-accordion.min52dd.css]
[marivivix-makeup.local/wp-content/uploads/elementor/css/post-87376.css]
[marivivix-makeup.local/wp-content/plugins/elementor/assets/lib/font-awesome/css/fontawesome.min52d5.css]
[marivivix-makeup.local/wp-content/plugins/elementor/assets/lib/font-awesome/webfonts/fa-solid-900.woff2]
[marivivix-makeup.local/wp-content/plugins/elementor/assets/lib/font-awesome/webfonts/fa-solid-900.woff]
[marivivix-makeup.local/wp-content/plugins/elementor/assets/lib/font-awesome/webfonts/fa-solid-900d41d.eot]
[marivivix-makeup.local/wp-content/plugins/elementor/assets/lib/font-awesome/css/solid.min52d5.css]
[marivivix-makeup.local/wp-content/themes/twentytwentyfour/assets/fonts/cardo/cardo_normal_700.woff2]
[marivivix-makeup.local/wp-content/plugins/elementor/assets/lib/font-awesome/webfonts/fa-solid-900.svg]
[marivivix-makeup.local/wp-content/plugins/elementor-pro/assets/js/webpack-pro.runtime.min1ac1.js]
[marivivix-makeup.local/wp-content/plugins/elementor/assets/js/webpack.runtime.min52dd.js]
[marivivix-makeup.local/wp-includes/js/jquery/jquery.minf43b.js]
[marivivix-makeup.local/wp-includes/js/jquery/jquery-migrate.min5589.js]
[marivivix-makeup.local/wp-content/plugins/elementor/assets/js/frontend-modules.min52dd.js]
[marivivix-makeup.local/wp-includes/js/dist/hooks.min2757.js]
[marivivix-makeup.local/wp-includes/js/dist/i18n.minc33c.js]
[marivivix-makeup.local/wp-content/plugins/elementor-pro/assets/js/frontend.min1ac1.js]
[marivivix-makeup.local/wp-includes/js/jquery/ui/core.minb37e.js]
[marivivix-makeup.local/wp-content/plugins/elementor/assets/js/frontend.min52dd.js]
[marivivix-makeup.local/OPR/index.html]
[marivivix-makeup.local/document.location]
[marivivix-makeup.local/wp-content/plugins/elementor-pro/assets/js/preloaded-elements-handlers.min1ac1.js]
[marivivix-makeup.local/wp-content/plugins/elementor/assets/lib/eicons/fonts/eicons9d5b.svg]
[marivivix-makeup.local/wp-content/plugins/elementor/assets/lib/font-awesome/webfonts/fa-solid-900.ttf]
[marivivix-makeup.local/wp-content/plugins/elementor/assets/lib/font-awesome/webfonts/fa-solid-900.svg]
[marivivix-makeup.local/OPR/index.html]
[marivivix-makeup.local/document.html]
[marivivix-makeup.local/-negative.svg]
[marivivix-makeup.local/wp-content/plugins/elementor/assets/lib/font-awesome/webfonts/fa-solid-900.eot]
[marivivix-makeup.local/-negative.svg]
